    Finished `test` profile [unoptimized + debuginfo] target(s) in 0.12s
     Running unittests src/lib.rs (target/debug/deps/contextual_chunker-3854d80f27a8d38e)

running 30 tests
test chunk::tests::test_chunk_level_str ... ok
test chunk::tests::test_chunk_level_tokens ... ok
test chunk::tests::test_create_summary_ascii ... ok
test chunk::tests::test_create_summary_unicode_cjk ... ok
test chunk::tests::test_create_summary_unicode_emoji ... ok
test chunk::tests::test_invalid_document ... ok
test document::tests::test_document_validation ... ok
test document::tests::test_unicode_content ... ok
test document::tests::test_token_estimation ... ok
test document::tests::test_document_creation ... ok
test tests::test_contextual_chunker_custom_config ... ok
test tests::test_contextual_chunker_factory_standard ... ok
test tests::test_contextual_chunker_factory_detailed ... ok
test tests::test_contextual_chunker_factory_summary ... ok
test chunk::tests::test_chunk_type_detection ... ok
test chunk::tests::test_empty_document ... ok
test chunk::tests::test_estimate_tokens ... ok
test tests::test_chunker_trait_object ... ok
test tests::test_backward_compatibility_free_functions ... ok
test tests::test_chunker_trait_exists ... ok
test chunk::tests::test_chunk_single_document ... ok
test chunk::tests::test_chunk_all_documents ... ok
test chunk::tests::test_chunk_empty_sections ... ok
test chunk::tests::test_chunk_table_preservation ... ok
test tests::test_chunker_produces_correct_level ... ok
test chunk::tests::test_chunk_very_short_document ... ok
test chunk::tests::test_chunk_only_h1_no_sections ... ok
test chunk::tests::test_chunk_unicode_boundaries ... ok
test chunk::tests::test_chunk_very_long_document ... ok
test chunk::tests::test_chunk_no_h2_headings ... ok

test result: ok. 30 passed; 0 failed; 0 ignored; 0 measured; 0 filtered out; finished in 0.26s

     Running unittests src/lib.rs (target/debug/deps/doc_transformer-44b52c270f81630b)

running 291 tests
test analyze::frontmatter_tests::test_extract_frontmatter_missing ... ok
test analyze::frontmatter_tests::test_extract_frontmatter_unclosed ... ok
test analyze::frontmatter_tests::test_extract_frontmatter_empty ... ok
test config::graph_config_tests::test_boundary_hnsw_ef_construction_high ... ok
test chunking_adapter::tests::test_analysis_to_document_with_link_map ... ok
test chunking_adapter::tests::test_chunk_conversion ... ok
test config::graph_config_tests::test_boundary_hnsw_m_high ... ok
test analyze::frontmatter_tests::test_extract_frontmatter_valid ... ok
test chunking_adapter::tests::test_analysis_to_document_missing_link_map_fallbacks ... ok
test config::graph_config_tests::test_boundary_hnsw_ef_construction_low ... ok
test config::graph_config_tests::test_boundary_hnsw_m_low ... ok
test config::graph_config_tests::test_boundary_max_related_chunks_high ... ok
test config::graph_config_tests::test_boundary_max_related_chunks_low ... ok
test config::graph_config_tests::test_clone_preserves_validation ... ok
test config::graph_config_tests::test_graph_config_default ... ok
test config::graph_config_tests::test_graph_config_default_trait ... ok
test config::graph_config_tests::test_graph_config_with_params_max_values ... ok
test config::graph_config_tests::test_graph_config_with_params_min_values ... ok
test config::graph_config_tests::test_graph_config_with_params_valid ... ok
test config::graph_config_tests::test_load_yaml_all_defaults_work ... ok
test config::graph_config_tests::test_reject_hnsw_ef_construction_too_large ... ok
test config::graph_config_tests::test_reject_all_parameters_invalid ... ok
test config::graph_config_tests::test_graph_config_load_valid_yaml ... ok
test config::graph_config_tests::test_load_yaml_hnsw_ef_construction_too_small ... ok
test config::graph_config_tests::test_load_yaml_missing_file ... ok
test config::graph_config_tests::test_load_yaml_hnsw_m_too_small ... ok
test config::graph_config_tests::test_load_yaml_max_related_chunks_zero ... ok
test config::graph_config_tests::test_reject_hnsw_ef_construction_too_small ... ok
test config::graph_config_tests::test_load_yaml_multiple_invalid_parameters ... ok
test config::graph_config_tests::test_reject_hnsw_ef_construction_zero ... ok
test config::graph_config_tests::test_reject_hnsw_ef_construction_way_too_large ... ok
test config::graph_config_tests::test_reject_hnsw_m_too_large ... ok
test config::graph_config_tests::test_reject_hnsw_m_too_small ... ok
test config::graph_config_tests::test_reject_hnsw_m_way_too_large ... ok
test config::graph_config_tests::test_load_yaml_malformed ... ok
test config::graph_config_tests::test_reject_hnsw_m_zero ... ok
test config::graph_config_tests::test_reject_max_related_chunks_too_large ... ok
test config::graph_config_tests::test_reject_max_related_chunks_way_too_large ... ok
test config::graph_config_tests::test_reject_max_related_chunks_zero ... ok
test config::graph_config_tests::test_serialization_round_trip ... ok
test config::tests::test_has_valid_criteria_with_empty_vecs ... ok
test config::tests::test_has_valid_criteria_with_one_valid_filename ... ok
test config::tests::test_has_valid_criteria_with_whitespace_strings ... ok
test config::tests::test_accept_rule_with_single_filename_criterion ... ok
test config::tests::test_accept_rule_with_multiple_criteria ... ok
test config::tests::test_has_valid_criteria_with_all_none ... ok
test config::tests::test_detect_category_by_filename ... ok
test config::tests::test_accept_rule_with_single_path_criterion ... ok
test config::tests::test_accept_rule_with_empty_criteria_but_some_populated ... ok
test config::tests::test_accept_rule_with_single_content_criterion ... ok
test config::tests::test_valid_category_names ... ok
test config::tests::test_multiple_rules_one_invalid ... ok
test config::tests::test_multiple_rules_all_valid ... ok
test config::tests::test_reject_rule_with_whitespace_only_strings ... ok
test config::tests::test_reject_rule_with_all_empty_arrays ... ok
test discover::tests::test_discover_files_empty_directory ... ok
test config::tests::test_reject_rule_with_empty_strings_only ... ok
test discover::tests::test_discover_files_circular_symlink ... ok
test config::tests::test_reject_rule_with_all_none_criteria ... ok
test discover::tests::test_discover_files_fails_on_broken_symlinks ... ok
test discover::tests::test_discover_files_basic ... ok
test discover::tests::test_discover_files_excludes_directories ... ok
test discover::tests::test_discover_files_with_valid_symlink ... ok
test discover::tests::test_discover_files_multiple_broken_symlinks ... ok
test discover::tests::test_discover_files_with_readable_files ... ok
test discover::tests::test_discover_files_with_symlink_to_directory ... ok
test discover::tests::test_discover_single_file_not_found ... ok
test discover::tests::test_discover_single_file_rejects_empty_file ... ok
test discover::tests::test_discover_single_file_rejects_oversized_file ... ok
test discover::tests::test_discover_single_file ... ok
test discover::tests::test_discover_single_file_unsupported_type ... ok
test embeddings::tests::test_embedding_validity ... ok
test errors::tests::test_error_conversion ... ok
test errors::tests::test_operation_error ... ok
test discover::tests::test_unreadable_directory_returns_nonzero_exit ... ok
test discover::tests::test_discover_files_nested_directories ... ok
test errors::tests::test_validation_error_display ... ok
test filter::tests::test_bm25_both_empty ... ok
test filter::tests::test_bm25_empty_document ... ok
test filter::tests::test_bm25_empty_query ... ok
test filter::tests::test_bm25_all_zeros_edge_case ... ok
test filter::tests::test_bm25_case_insensitive ... ok
test filter::tests::test_bm25_negative_avg_length ... ok
test filter::tests::test_bm25_no_matches ... ok
test filter::tests::test_bm25_relevance_ordering ... ok
test filter::tests::test_bm25_score ... ok
test filter::tests::test_bm25_single_word_document ... ok
test filter::tests::test_bm25_whitespace_normalization ... ok
test filter::tests::test_bm25_zero_avg_length ... ok
test filter::tests::test_is_footer_line ... ok
test filter::tests::test_is_nav_heading ... ok
test filter::tests::test_filter_markdown ... ok
test graph::tests::prop_jaccard_both_empty ... ok
test graph::tests::test_dag_creation ... ok
test graph::tests::test_cycle_detection_parent_edges ... ok
test graph::tests::test_edge_addition ... ok
test graph::tests::test_cycle_detection_sequential_chain ... ok
test graph::tests::test_jaccard_similarity ... ok
test graph::tests::test_topological_sort ... ok
test highlight::tests::test_empty_query ... ok
test graph::tests::test_related_edges_no_cycle ... ok
test graph::tests::test_node_importance ... ok
test highlight::tests::test_no_color_flag ... ok
test filter::tests::test_extract_main_content ... ok
test filter::tests::test_readability_fallback_on_nav_only ... ok
test highlight::tests::test_whitespace_only_query ... ok
test index::tests::test_build_vocabulary ... ok
test filter::tests::test_bm25_never_panics_on_pathological_input ... ok
test index::tests::test_chunk_metadata_no_duplicate_ids ... ok
test highlight::tests::test_special_chars_in_query ... ok
test index::tests::test_empty_chunks_no_crash ... ok
test highlight::tests::test_unicode_text ... ok
test highlight::tests::test_preserves_unicode ... ok
test highlight::tests::test_highlight_single_term ... ok
test highlight::tests::test_empty_text ... ok
test llms::tests::test_skip_frontmatter ... ok
test llms::tests::test_truncate_summary ... ok
test scrape::html_parser::tests::test_module_exists ... ok
test highlight::tests::test_at_start_of_text ... ok
test filter::tests::test_prune_html ... ok
test filter::tests::test_prune_html_with_article_tag ... ok
test scrape::http::tests::test_build_website_base ... ok
test scrape::http::tests::test_extract_pages_from_website_empty ... ok
test index::tests::test_generate_embedding_from_terms ... ok
test highlight::tests::test_preserves_text_content ... ok
test highlight::tests::test_mixed_case_query ... ok
test highlight::tests::test_multiple_occurrences ... ok
test scrape::transformers::tests::test_calculate_backoff_delay ... ok
test scrape::transformers::tests::test_detect_rate_limit_page ... ok
test scrape::transformers::tests::test_url_to_slug_different_paths_different_slugs ... ok
test highlight::tests::test_at_end_of_text ... ok
test scrape::transformers::tests::test_url_to_slug_no_query_no_suffix ... ok
test scrape::transformers::tests::test_url_to_slug_with_query_params ... ok
test scrape::transformers::tests::test_url_to_slug_with_fragment ... ok
test highlight::tests::test_partial_word_no_match ... ok
test highlight::tests::test_highlight_case_insensitive ... ok
test highlight::tests::test_highlight_word_boundary ... ok
test scrape::transformers::tests::test_slug_collision_prevents_data_loss ... ok
test scrape::transformers::tests::test_url_to_slug_basic ... ok
test scrape::markdown::tests::test_extract_headers_reexport ... ok
test scrape::validation::spa_detection_tests::test_detect_potential_spa_healthy_scrape ... ok
test scrape::validation::spa_detection_tests::test_detect_potential_spa_low_pages_high_urls ... ok
test scrape::validation::spa_detection_tests::test_detect_potential_spa_not_enough_pages ... ok
test scrape::validation::spa_detection_tests::test_detect_potential_spa_zero_total_urls ... ok
test scrape::transformers::tests::test_extract_headers ... ok
test scrape::transformers::tests::test_write_scraped_pages_handles_slug_collisions ... ok
test scrape::validation::tests::test_compile_safe_regex_rejects_long_pattern ... ok
test scrape::transformers::tests::test_write_scraped_pages_related_links_use_disambiguated_filenames ... ok
test highlight::tests::test_overlapping_terms_independent ... ok
test highlight::tests::test_multiple_terms ... ok
test scrape::validation::tests::test_compile_safe_regex_rejects_invalid_syntax ... ok
test scrape::validation::tests::test_compile_safe_regex_accepts_empty_string ... ok
test scrape::validation::tests::test_validate_url_invalid ... ok
test scrape::validation::tests::test_validate_url_accepts_percent_encoded ... ok
test scrape::transformers::tests::test_query_param_collision_handling ... ok
test scrape::validation::tests::test_validate_url_rejects_spaces ... ok
test scrape::validation::tests::test_validate_url_rejects_unencoded_special_chars ... ok
test scrape::validation::tests::test_validate_url_rejects_control_characters ... ok
test scrape::validation::tests::test_validate_url_valid ... ok
test scrape::validation::tests::test_validate_url_missing_host ... ok
test scrape::validation::tests::test_validate_url_valid_hosts ... ok
test search::tests::test_score_document_simple_basic ... ok
test search::tests::test_score_document_simple_case_insensitive ... ok
test similarity::tests::test_build_index_infinity ... ok
test scrape::validation::tests::test_compile_safe_regex_rejects_nested_star_pattern ... ok
test search::tests::test_open_or_create_index_new ... ok
test search::tests::test_open_or_create_index_recovers_from_file_path ... ok
test scrape::validation::tests::test_compile_safe_regex_accepts_valid_pattern ... ok
test scrape::validation::tests::test_compile_safe_regex_rejects_single_char_nested_quantifier ... ok
test scrape::validation::tests::test_compile_safe_regex_rejects_redos_pattern ... ok
test search::tests::test_score_document_simple_empty_query ... ok
test similarity::tests::test_build_index_dimension_mismatch ... ok
test search::tests::test_open_or_create_index_existing ... ok
test search::tests::test_score_document_simple_zero_word_count ... ok
test similarity::tests::test_build_index_nan ... ok
test search::tests::test_score_document_simple_multiple_terms ... ok
test similarity::tests::test_validate_dimensions_consistent ... ok
test similarity::tests::test_build_index_empty ... ok
test similarity::tests::test_validate_embedding_valid ... ok
test transform::tests::test_anchor_links_unchanged ... ok
test transform::tests::test_broken_links_collected ... ok
test transform::tests::test_code_block_preservation ... ok
test transform::tests::test_context_blockquote_missing ... ok
test scrape::validation::tests::test_extract_title ... ok
test transform::tests::test_context_blockquote_detection ... ok
test transform::tests::test_ensure_h1 ... ok
test transform::tests::test_external_links_unchanged ... ok
test similarity::tests::test_query_neighbors_nan ... ok
test transform::tests::test_heading_level_conversion ... ok
test transform::tests::test_fix_headings_skipped_levels ... ok
test transform::tests::test_h1_already_exists ... ok
test transform::tests::test_fix_headings_simple ... ok
test transform::tests::test_link_rewrite_with_mapping ... ok
test transform::tests::test_link_format_no_spaces ... ok
test transform::tests::test_no_false_positives_in_code_blocks ... ok
test transform::tests::test_multiple_broken_links_tracking ... ok
test transform::tests::test_nested_blockquote_heading ... ok
test transform::tests::test_parse_markdown_simple ... ok
test transform::tests::test_relative_links_with_dot_slash ... ok
test types::tests::test_category_case_insensitive ... ok
test transform::tests::test_unicode_preservation ... ok
test types::tests::test_category_empty ... ok
test types::tests::test_category_valid ... ok
test types::tests::test_chunkid_valid ... ok
test types::tests::test_documentid_empty ... ok
test types::tests::test_documentid_valid ... ok
test types::tests::test_filepath_valid ... ok
test types::tests::test_keyword_case_insensitive ... ok
test types::tests::test_keyword_too_long ... ok
test types::tests::test_keyword_too_short ... ok
test types::tests::test_keyword_valid ... ok
test types::tests::test_project_name_empty ... ok
test types::tests::test_project_name_invalid_chars ... ok
test types::tests::test_project_name_valid ... ok
test types::tests::test_slug_from_empty_text ... ok
test types::tests::test_slug_from_text ... ok
test types::tests::test_slug_invalid_chars ... ok
test types::tests::test_slug_valid ... ok
test types::tests::test_tag_case_insensitive ... ok
test types::tests::test_tag_too_long ... ok
test types::tests::test_tag_valid ... ok
test types::tests::test_title_empty ... ok
test types::tests::test_title_valid ... ok
test validate::tests::test_validate_all_reports_read_error ... ok
test transform::tests::test_see_also_detection ... ok
test validate::tests::test_validate_limit_error_message ... ok
test validate::tests::test_validate_limit_negative ... ok
test validate::tests::test_validate_limit_normal ... ok
test validate::tests::test_validate_limit_one ... ok
test validate::tests::test_validate_limit_too_large ... ok
test validate::tests::test_validate_limit_zero ... ok
test validate::tests::test_validate_multiple_h1 ... ok
test validate::tests::test_validate_h1_at_start ... ok
test validate::tests::test_validate_h1_in_middle ... ok
test validate::tests::test_validate_query_accepts_double_slash ... ok
test validate::tests::test_validate_query_accepts_double_slash_at_end ... ok
test similarity::tests::test_query_all_zeros ... ok
test similarity::tests::test_similarity_to_self_is_one ... ok
test similarity::tests::test_results_sorted_by_similarity ... ok
test similarity::tests::test_query_neighbors_dimension_mismatch ... ok
test validate::tests::test_validate_query_empty ... ok
test validate::tests::test_validate_query_error_message_too_long ... ok
test similarity::tests::test_query_neighbors_success ... ok
test validate::tests::test_validate_query_rejects_multiple_null_bytes ... ok
test similarity::tests::test_build_index_with_default_hnsw_params ... ok
test validate::tests::test_validate_query_accepts_slash_without_regex ... ok
test similarity::tests::test_duplicate_embeddings ... ok
test validate::tests::test_validate_no_h1 ... ok
test validate::tests::test_validate_query_at_limit ... ok
test validate::tests::test_validate_query_rejects_multiple_regex ... ok
test similarity::tests::test_build_index_with_custom_hnsw_params ... ok
test validate::tests::test_validate_query_rejects_null_byte_at_end ... ok
test validate::tests::test_validate_query_rejects_regex_error_message ... ok
test validate::tests::test_validate_query_rejects_regex_in_middle ... ok
test similarity::tests::test_query_neighbors_top_k_exceeds_size ... ok
test validate::tests::test_validate_query_single_char ... ok
test validate::tests::test_validate_query_special_chars ... ok
test validate::tests::test_validate_query_tabs_and_newlines ... ok
test validate::tests::test_validate_query_trimmed ... ok
test validate::tests::test_validate_query_rejects_null_byte_at_start ... ok
test validate::tests::test_validate_query_unicode ... ok
test validate::tests::test_validate_query_unicode_exceeds_limit ... ok
test validate::tests::test_validate_query_unicode_at_limit ... ok
test validate::tests::test_validate_query_whitespace_only ... ok
test validate::tests::test_validate_query_exceeds_limit ... ok
test validate::tests::test_validate_query_normal ... ok
test validate::tests::test_validate_query_rejects_simple_regex ... ok
test similarity::tests::test_build_index_success ... ok
test types::tests::test_documentid_whitespace_only ... ok
test validate::tests::test_validate_query_error_message_empty ... ok
test validate::tests::test_validate_query_far_exceeds_limit ... ok
test validate::tests::test_validate_query_rejects_nested_regex ... ok
test graph::tests::prop_jaccard_disjoint_sets ... ok
test validate::tests::test_validate_query_rejects_null_byte ... ok
test types::tests::test_filepath_contains_parent ... ok
test index::tests::test_dag_no_cycles_from_bidirectional_related_edges ... ok
test embeddings::tests::test_embedding_from_text ... ok
test index::tests::test_large_chunk_sets_skip_related_edges ... ok
test index::tests::test_knowledge_dag_edge_count_is_linear ... ok
test index::tests::proptest_embedding_normalization ... ok
test index::tests::proptest_embedding_order_invariant ... ok
test graph::tests::prop_jaccard_reflexivity ... ok
test index::tests::proptest_embedding_non_negative ... ok
test index::tests::proptest_embedding_determinism ... ok
test index::tests::proptest_embedding_length ... ok
test graph::tests::prop_jaccard_bounds ... ok
test graph::tests::prop_jaccard_commutativity ... ok
test index::tests::proptest_embedding_empty_input ... ok
test index::tests::proptest_embedding_sparsity ... ok
test filter::tests::test_bm25_very_long_document ... ok
test index::tests::test_hnsw_edge_count_linear ... ok

test result: ok. 291 passed; 0 failed; 0 ignored; 0 measured; 0 filtered out; finished in 0.59s

     Running unittests src/main.rs (target/debug/deps/doc_transformer-7ab626e3de11cbdf)

running 387 tests
test analyze::frontmatter_tests::test_extract_frontmatter_missing ... ok
test analyze::frontmatter_tests::test_extract_frontmatter_unclosed ... ok
test analyze::frontmatter_tests::test_extract_frontmatter_empty ... ok
test config::graph_config_tests::test_boundary_hnsw_ef_construction_high ... ok
test config::graph_config_tests::test_boundary_hnsw_ef_construction_low ... ok
test chunking_adapter::tests::test_chunk_conversion ... ok
test config::graph_config_tests::test_boundary_hnsw_m_high ... ok
test config::graph_config_tests::test_boundary_hnsw_m_low ... ok
test chunking_adapter::tests::test_analysis_to_document_missing_link_map_fallbacks ... ok
test config::graph_config_tests::test_boundary_max_related_chunks_high ... ok
test config::graph_config_tests::test_boundary_max_related_chunks_low ... ok
test chunking_adapter::tests::test_analysis_to_document_with_link_map ... ok
test analyze::frontmatter_tests::test_extract_frontmatter_valid ... ok
test config::graph_config_tests::test_clone_preserves_validation ... ok
test config::graph_config_tests::test_graph_config_default ... ok
test config::graph_config_tests::test_graph_config_default_trait ... ok
test config::graph_config_tests::test_graph_config_with_params_max_values ... ok
test config::graph_config_tests::test_graph_config_with_params_min_values ... ok
test config::graph_config_tests::test_graph_config_with_params_valid ... ok
test config::graph_config_tests::test_load_yaml_all_defaults_work ... ok
test config::graph_config_tests::test_reject_all_parameters_invalid ... ok
test config::graph_config_tests::test_reject_hnsw_ef_construction_way_too_large ... ok
test config::graph_config_tests::test_load_yaml_missing_file ... ok
test config::graph_config_tests::test_graph_config_load_valid_yaml ... ok
test config::graph_config_tests::test_reject_hnsw_ef_construction_too_large ... ok
test config::graph_config_tests::test_load_yaml_max_related_chunks_zero ... ok
test config::graph_config_tests::test_load_yaml_hnsw_ef_construction_too_small ... ok
test config::graph_config_tests::test_load_yaml_hnsw_m_too_small ... ok
test config::graph_config_tests::test_load_yaml_multiple_invalid_parameters ... ok
test config::graph_config_tests::test_reject_hnsw_ef_construction_zero ... ok
test config::graph_config_tests::test_load_yaml_malformed ... ok
test config::graph_config_tests::test_reject_hnsw_m_too_large ... ok
test config::graph_config_tests::test_reject_max_related_chunks_too_large ... ok
test config::graph_config_tests::test_reject_hnsw_m_too_small ... ok
test config::graph_config_tests::test_reject_hnsw_m_way_too_large ... ok
test config::graph_config_tests::test_reject_hnsw_m_zero ... ok
test config::graph_config_tests::test_reject_max_related_chunks_way_too_large ... ok
test config::graph_config_tests::test_reject_hnsw_ef_construction_too_small ... ok
test config::graph_config_tests::test_reject_max_related_chunks_zero ... ok
test config::tests::test_has_valid_criteria_with_all_none ... ok
test config::tests::test_has_valid_criteria_with_empty_vecs ... ok
test config::tests::test_has_valid_criteria_with_one_valid_filename ... ok
test config::tests::test_has_valid_criteria_with_whitespace_strings ... ok
test config::tests::test_detect_category_by_filename ... ok
test config::graph_config_tests::test_serialization_round_trip ... ok
test config::tests::test_accept_rule_with_single_path_criterion ... ok
test config::tests::test_accept_rule_with_single_content_criterion ... ok
test config::tests::test_accept_rule_with_single_filename_criterion ... ok
test config::tests::test_accept_rule_with_empty_criteria_but_some_populated ... ok
test config::tests::test_accept_rule_with_multiple_criteria ... ok
test config::tests::test_valid_category_names ... ok
test config::tests::test_multiple_rules_one_invalid ... ok
test config::tests::test_reject_rule_with_all_empty_arrays ... ok
test config::tests::test_multiple_rules_all_valid ... ok
test config::tests::test_reject_rule_with_all_none_criteria ... ok
test config::tests::test_reject_rule_with_empty_strings_only ... ok
test config::tests::test_reject_rule_with_whitespace_only_strings ... ok
test discover::tests::test_discover_files_empty_directory ... ok
test discover::tests::test_discover_files_fails_on_broken_symlinks ... ok
test discover::tests::test_discover_files_basic ... ok
test discover::tests::test_discover_files_circular_symlink ... ok
test discover::tests::test_discover_files_multiple_broken_symlinks ... ok
test discover::tests::test_discover_files_excludes_directories ... ok
test discover::tests::test_discover_files_nested_directories ... ok
test discover::tests::test_discover_single_file_not_found ... ok
test discover::tests::test_discover_single_file ... ok
test discover::tests::test_discover_files_with_symlink_to_directory ... ok
test discover::tests::test_discover_files_with_readable_files ... ok
test discover::tests::test_discover_single_file_rejects_empty_file ... ok
test discover::tests::test_discover_files_with_valid_symlink ... ok
test discover::tests::test_discover_single_file_rejects_oversized_file ... ok
test discover::tests::test_discover_single_file_unsupported_type ... ok
test filter::tests::test_bm25_both_empty ... ok
test filter::tests::test_bm25_all_zeros_edge_case ... ok
test filter::tests::test_bm25_case_insensitive ... ok
test filter::tests::test_bm25_empty_document ... ok
test discover::tests::test_unreadable_directory_returns_nonzero_exit ... ok
test filter::tests::test_bm25_negative_avg_length ... ok
test filter::tests::test_bm25_empty_query ... ok
test filter::tests::test_bm25_no_matches ... ok
test filter::tests::test_bm25_single_word_document ... ok
test filter::tests::test_bm25_score ... ok
test filter::tests::test_bm25_relevance_ordering ... ok
test filter::tests::test_bm25_whitespace_normalization ... ok
test filter::tests::test_bm25_zero_avg_length ... ok
test filter::tests::test_is_footer_line ... ok
test filter::tests::test_is_nav_heading ... ok
test filter::tests::test_filter_markdown ... ok
test graph::tests::prop_jaccard_both_empty ... ok
test graph::tests::test_dag_creation ... ok
test graph::tests::test_cycle_detection_sequential_chain ... ok
test graph::tests::test_edge_addition ... ok
test graph::tests::test_jaccard_similarity ... ok
test graph::tests::test_node_importance ... ok
test graph::tests::test_related_edges_no_cycle ... ok
test graph::tests::test_topological_sort ... ok
test highlight::tests::test_empty_query ... ok
test filter::tests::test_extract_main_content ... ok
test filter::tests::test_readability_fallback_on_nav_only ... ok
test highlight::tests::test_no_color_flag ... ok
test highlight::tests::test_whitespace_only_query ... ok
test filter::tests::test_bm25_never_panics_on_pathological_input ... ok
test index::tests::test_chunk_metadata_no_duplicate_ids ... ok
test highlight::tests::test_special_chars_in_query ... ok
test index::tests::test_empty_chunks_no_crash ... ok
test highlight::tests::test_preserves_text_content ... ok
test highlight::tests::test_empty_text ... ok
test index::tests::test_build_vocabulary ... ok
test index::tests::test_generate_embedding_from_terms ... ok
test highlight::tests::test_highlight_word_boundary ... ok
test graph::tests::test_cycle_detection_parent_edges ... ok
test highlight::tests::test_partial_word_no_match ... ok
test scrape::html_parser::tests::test_module_exists ... ok
test highlight::tests::test_highlight_case_insensitive ... ok
test highlight::tests::test_at_end_of_text ... ok
test highlight::tests::test_highlight_single_term ... ok
test highlight::tests::test_preserves_unicode ... ok
test highlight::tests::test_at_start_of_text ... ok
test filter::tests::test_prune_html ... ok
test filter::tests::test_prune_html_with_article_tag ... ok
test highlight::tests::test_unicode_text ... ok
test llms::tests::test_skip_frontmatter ... ok
test highlight::tests::test_mixed_case_query ... ok
test highlight::tests::test_multiple_occurrences ... ok
test llms::tests::test_truncate_summary ... ok
test scrape::http::tests::test_extract_pages_from_website_empty ... ok
test scrape::http::tests::test_build_website_base ... ok
test scrape::transformers::tests::test_calculate_backoff_delay ... ok
test scrape::transformers::tests::test_detect_rate_limit_page ... ok
test highlight::tests::test_overlapping_terms_independent ... ok
test scrape::markdown::tests::test_extract_headers_reexport ... ok
test highlight::tests::test_multiple_terms ... ok
test scrape::transformers::tests::test_url_to_slug_basic ... ok
test scrape::transformers::tests::test_url_to_slug_no_query_no_suffix ... ok
test scrape::transformers::tests::test_url_to_slug_different_paths_different_slugs ... ok
test scrape::transformers::tests::test_url_to_slug_with_fragment ... ok
test scrape::validation::spa_detection_tests::test_detect_potential_spa_low_pages_high_urls ... ok
test scrape::transformers::tests::test_query_param_collision_handling ... ok
test scrape::transformers::tests::test_url_to_slug_with_query_params ... ok
test scrape::validation::spa_detection_tests::test_detect_potential_spa_healthy_scrape ... ok
test scrape::transformers::tests::test_slug_collision_prevents_data_loss ... ok
test scrape::validation::spa_detection_tests::test_detect_potential_spa_not_enough_pages ... ok
test scrape::validation::spa_detection_tests::test_detect_potential_spa_zero_total_urls ... ok
test scrape::transformers::tests::test_write_scraped_pages_handles_slug_collisions ... ok
test scrape::validation::tests::test_compile_safe_regex_rejects_long_pattern ... ok
test scrape::transformers::tests::test_write_scraped_pages_related_links_use_disambiguated_filenames ... ok
test scrape::validation::tests::test_validate_url_rejects_control_characters ... ok
test scrape::validation::tests::test_validate_url_missing_host ... ok
test scrape::validation::tests::test_validate_url_rejects_spaces ... ok
test scrape::validation::tests::test_validate_url_accepts_percent_encoded ... ok
test scrape::validation::tests::test_validate_url_invalid ... ok
test search::tests::test_score_document_simple_basic ... ok
test search::tests::test_score_document_simple_case_insensitive ... ok
test scrape::transformers::tests::test_extract_headers ... ok
test search::tests::test_score_document_simple_empty_query ... ok
test search::tests::test_score_document_simple_zero_word_count ... ok
test search::tests::test_score_document_simple_multiple_terms ... ok
test similarity::tests::test_build_index_dimension_mismatch ... ok
test similarity::tests::test_build_index_empty ... ok
test similarity::tests::test_build_index_infinity ... ok
test similarity::tests::test_build_index_nan ... ok
test scrape::validation::tests::test_compile_safe_regex_accepts_empty_string ... ok
test search::tests::test_open_or_create_index_recovers_from_file_path ... ok
test search::tests::test_open_or_create_index_new ... ok
test scrape::validation::tests::test_compile_safe_regex_rejects_invalid_syntax ... ok
test search::tests::test_open_or_create_index_existing ... ok
test scrape::validation::tests::test_compile_safe_regex_rejects_redos_pattern ... ok
test scrape::validation::tests::test_compile_safe_regex_rejects_nested_star_pattern ... ok
test scrape::validation::tests::test_compile_safe_regex_rejects_single_char_nested_quantifier ... ok
test scrape::validation::tests::test_compile_safe_regex_accepts_valid_pattern ... ok
test similarity::tests::test_validate_dimensions_consistent ... ok
test similarity::tests::test_validate_embedding_valid ... ok
test tests::test_apply_query_filter_empty_query_keeps_all ... ok
test tests::test_apply_query_filter_errors_when_all_filtered ... ok
test tests::test_apply_query_filter_filters_non_matching_pages ... ok
test tests::test_apply_query_filter_no_query_keeps_all_pages ... ok
test tests::test_apply_query_filter_threshold_zero_keeps_all ... ok
test tests::test_apply_query_filter_with_different_thresholds ... ok
test tests::test_delay_60001_exceeds_maximum ... ok
test tests::test_delay_999999_rejected ... ok
test tests::test_delay_all_negative_rejected ... ok
test tests::test_delay_arithmetic_overflow_prevention ... ok
test tests::test_delay_boundary_values ... ok
test tests::test_delay_empty_string_rejected ... ok
test tests::test_delay_i32_max_rejected ... ok
test tests::test_delay_leading_zeros ... ok
test tests::test_delay_negative_one_rejected ... ok
test tests::test_delay_one_millisecond ... ok
test scrape::validation::tests::test_extract_title ... ok
test tests::test_delay_overflow_protection_i64_max ... ok
test tests::test_delay_overflow_protection_u64_max ... ok
test tests::test_delay_plus_sign ... ok
test tests::test_delay_values_outside_range_rejected ... ok
test tests::test_delay_various_valid_values ... ok
test scrape::validation::tests::test_validate_url_valid ... ok
test tests::test_delay_very_large_negative_rejected ... ok
test scrape::validation::tests::test_validate_url_rejects_unencoded_special_chars ... ok
test tests::test_delay_whitespace_rejected ... ok
test scrape::validation::tests::test_validate_url_valid_hosts ... ok
test tests::test_filter_regex_rejects_nested_star_quantifiers ... ok
test tests::test_filter_regex_rejects_nested_plus_quantifiers ... ok
test tests::test_filter_regex_rejects_too_long_pattern ... ok
test tests::test_parse_redirect_policy_variants ... ok
test tests::test_should_reclaim_stale_lock_when_empty_file ... ok
test tests::test_should_reclaim_stale_lock_when_malformed_json ... ok
test tests::test_should_not_reclaim_fresh_live_lock ... ok
test tests::test_should_reclaim_stale_lock_when_pid_not_alive ... ok
test tests::test_should_reclaim_stale_lock_when_too_old ... ok
test tests::test_threshold_100_0_rejected ... ok
test tests::test_threshold_10_1_exceeds_maximum ... ok
test tests::test_should_reclaim_stale_lock_when_pid_recycled ... ok
test tests::test_threshold_all_negative_rejected ... ok
test tests::test_threshold_boundary_values ... ok
test tests::test_threshold_common_filtering_values ... ok
test tests::test_threshold_empty_string_rejected ... ok
test tests::test_threshold_infinity_rejected ... ok
test tests::test_threshold_integer_input ... ok
test similarity::tests::test_query_neighbors_nan ... ok
test tests::test_threshold_key_values ... ok
test tests::test_threshold_leading_zeros ... ok
test tests::test_threshold_overflow_protection ... ok
test tests::test_threshold_nan_handled ... ok
test tests::test_threshold_plus_sign ... ok
test tests::test_threshold_negative_0_1_rejected ... ok
test tests::test_threshold_precision_at_boundary ... ok
test tests::test_threshold_scientific_notation ... ok
test tests::test_threshold_very_negative_rejected ... ok
test tests::test_threshold_small_positive_values ... ok
test tests::test_threshold_very_small_positive ... ok
test tests::test_validate_concurrency_limit_bounds ... ok
test tests::test_validate_delay_at_upper_bound ... ok
test tests::test_validate_delay_default_value ... ok
test tests::test_validate_delay_exceeds_upper_bound ... ok
test tests::test_validate_delay_fractional_rejected ... ok
test tests::test_validate_delay_invalid_string ... ok
test tests::test_validate_delay_negative_one_rejected ... ok
test tests::test_validate_delay_positive ... ok
test tests::test_validate_delay_very_negative_rejected ... ok
test tests::test_validate_delay_zero ... ok
test tests::test_validate_limit_at_upper_bound ... ok
test tests::test_validate_limit_default_value ... ok
test tests::test_validate_limit_exceeds_upper_bound ... ok
test tests::test_validate_limit_invalid_string ... ok
test tests::test_validate_limit_negative_one_rejected ... ok
test tests::test_validate_limit_one ... ok
test tests::test_validate_limit_positive ... ok
test tests::test_validate_limit_very_negative_rejected ... ok
test tests::test_validate_limit_zero_rejected ... ok
test tests::test_validate_positive_bytes ... ok
test tests::test_validate_query_at_limit ... ok
test tests::test_filter_regex_rejects_invalid_syntax ... ok
test tests::test_validate_query_binary_looking_bytes ... ok
test tests::test_validate_query_empty_string ... ok
test tests::test_validate_query_exceeds_limit ... ok
test tests::test_validate_query_far_exceeds_limit ... ok
test tests::test_validate_query_mixed_unicode_ascii ... ok
test tests::test_validate_query_newlines ... ok
test tests::test_validate_query_near_limit_minus_one ... ok
test tests::test_validate_query_none ... ok
test tests::test_validate_query_short ... ok
test tests::test_validate_query_single_char ... ok
test tests::test_validate_query_special_characters ... ok
test tests::test_validate_query_unicode_at_byte_limit ... ok
test tests::test_validate_query_unicode_within_limit ... ok
test tests::test_validate_query_whitespace_only ... ok
test tests::test_validate_retry_count_bounds ... ok
test tests::test_validate_threshold_at_upper_bound ... ok
test tests::test_validate_threshold_default_value ... ok
test tests::test_validate_threshold_invalid_string ... ok
test tests::test_validate_threshold_negative_rejected ... ok
test tests::test_validate_threshold_positive ... ok
test tests::test_validate_threshold_too_large ... ok
test tests::test_validate_threshold_very_negative ... ok
test tests::test_validate_threshold_zero ... ok
test tests::test_validate_query_unicode_exceeds_limit ... ok
test tests::test_validate_timeout_secs_bounds ... ok
test tests::test_validate_threshold_small_positive ... ok
test transform::tests::test_context_blockquote_detection ... ok
test transform::tests::test_anchor_links_unchanged ... ok
test transform::tests::test_code_block_preservation ... ok
test transform::tests::test_broken_links_collected ... ok
test transform::tests::test_context_blockquote_missing ... ok
test transform::tests::test_fix_headings_skipped_levels ... ok
test transform::tests::test_h1_already_exists ... ok
test transform::tests::test_ensure_h1 ... ok
test transform::tests::test_heading_level_conversion ... ok
test transform::tests::test_link_rewrite_with_mapping ... ok
test transform::tests::test_link_format_no_spaces ... ok
test transform::tests::test_multiple_broken_links_tracking ... ok
test transform::tests::test_nested_blockquote_heading ... ok
test transform::tests::test_parse_markdown_simple ... ok
test transform::tests::test_no_false_positives_in_code_blocks ... ok
test transform::tests::test_external_links_unchanged ... ok
test transform::tests::test_relative_links_with_dot_slash ... ok
test transform::tests::test_fix_headings_simple ... ok
test transform::tests::test_see_also_detection ... ok
test transform::tests::test_unicode_preservation ... ok
test types::tests::test_category_case_insensitive ... ok
test types::tests::test_category_empty ... ok
test types::tests::test_documentid_valid ... ok
test types::tests::test_documentid_whitespace_only ... ok
test types::tests::test_filepath_contains_parent ... ok
test types::tests::test_keyword_case_insensitive ... ok
test types::tests::test_keyword_too_long ... ok
test types::tests::test_keyword_too_short ... ok
test types::tests::test_category_valid ... ok
test types::tests::test_keyword_valid ... ok
test types::tests::test_project_name_empty ... ok
test types::tests::test_chunkid_valid ... ok
test types::tests::test_project_name_invalid_chars ... ok
test types::tests::test_project_name_valid ... ok
test types::tests::test_slug_from_empty_text ... ok
test types::tests::test_filepath_valid ... ok
test types::tests::test_slug_from_text ... ok
test types::tests::test_slug_invalid_chars ... ok
test types::tests::test_slug_valid ... ok
test types::tests::test_tag_case_insensitive ... ok
test types::tests::test_tag_too_long ... ok
test types::tests::test_documentid_empty ... ok
test types::tests::test_tag_valid ... ok
test graph::tests::prop_jaccard_disjoint_sets ... ok
test types::tests::test_title_empty ... ok
test types::tests::test_title_valid ... ok
test validate::tests::test_validate_limit_error_message ... ok
test validate::tests::test_validate_limit_normal ... ok
test validate::tests::test_validate_limit_negative ... ok
test validate::tests::test_validate_limit_one ... ok
test validate::tests::test_validate_limit_too_large ... ok
test validate::tests::test_validate_limit_zero ... ok
test validate::tests::test_validate_all_reports_read_error ... ok
test validate::tests::test_validate_query_accepts_double_slash ... ok
test validate::tests::test_validate_query_accepts_double_slash_at_end ... ok
test validate::tests::test_validate_query_accepts_slash_without_regex ... ok
test validate::tests::test_validate_query_empty ... ok
test validate::tests::test_validate_query_at_limit ... ok
test validate::tests::test_validate_query_error_message_empty ... ok
test validate::tests::test_validate_query_error_message_too_long ... ok
test validate::tests::test_validate_query_exceeds_limit ... ok
test validate::tests::test_validate_query_far_exceeds_limit ... ok
test validate::tests::test_validate_query_normal ... ok
test validate::tests::test_validate_query_rejects_multiple_null_bytes ... ok
test validate::tests::test_validate_query_rejects_multiple_regex ... ok
test validate::tests::test_validate_query_rejects_nested_regex ... ok
test validate::tests::test_validate_query_rejects_null_byte ... ok
test validate::tests::test_validate_query_rejects_null_byte_at_end ... ok
test validate::tests::test_validate_query_rejects_null_byte_at_start ... ok
test validate::tests::test_validate_query_rejects_regex_error_message ... ok
test validate::tests::test_validate_query_rejects_regex_in_middle ... ok
test validate::tests::test_validate_query_rejects_simple_regex ... ok
test validate::tests::test_validate_query_single_char ... ok
test validate::tests::test_validate_query_special_chars ... ok
test validate::tests::test_validate_query_tabs_and_newlines ... ok
test validate::tests::test_validate_query_trimmed ... ok
test validate::tests::test_validate_query_unicode ... ok
test validate::tests::test_validate_query_unicode_at_limit ... ok
test validate::tests::test_validate_query_unicode_exceeds_limit ... ok
test validate::tests::test_validate_query_whitespace_only ... ok
test similarity::tests::test_results_sorted_by_similarity ... ok
test similarity::tests::test_query_neighbors_top_k_exceeds_size ... ok
test validate::tests::test_validate_h1_at_start ... ok
test validate::tests::test_validate_no_h1 ... ok
test similarity::tests::test_similarity_to_self_is_one ... ok
test similarity::tests::test_build_index_with_default_hnsw_params ... ok
test similarity::tests::test_query_all_zeros ... ok
test similarity::tests::test_query_neighbors_dimension_mismatch ... ok
test similarity::tests::test_query_neighbors_success ... ok
test validate::tests::test_validate_h1_in_middle ... ok
test similarity::tests::test_duplicate_embeddings ... ok
test similarity::tests::test_build_index_with_custom_hnsw_params ... ok
test tests::test_filter_regex_accepts_safe_patterns ... ok
test validate::tests::test_validate_multiple_h1 ... ok
test index::tests::test_dag_no_cycles_from_bidirectional_related_edges ... ok
test similarity::tests::test_build_index_success ... ok
test index::tests::test_large_chunk_sets_skip_related_edges ... ok
test index::tests::proptest_embedding_normalization ... ok
test index::tests::proptest_embedding_order_invariant ... ok
test index::tests::test_knowledge_dag_edge_count_is_linear ... ok
test graph::tests::prop_jaccard_reflexivity ... ok
test index::tests::proptest_embedding_determinism ... ok
test index::tests::proptest_embedding_non_negative ... ok
test index::tests::proptest_embedding_length ... ok
test graph::tests::prop_jaccard_bounds ... ok
test graph::tests::prop_jaccard_commutativity ... ok
test index::tests::proptest_embedding_empty_input ... ok
test index::tests::proptest_embedding_sparsity ... ok
test filter::tests::test_bm25_very_long_document ... ok
test index::tests::test_hnsw_edge_count_linear ... ok

test result: ok. 387 passed; 0 failed; 0 ignored; 0 measured; 0 filtered out; finished in 0.59s

     Running unittests src/bin/llms_txt_validator.rs (target/debug/deps/llms_txt_validator-3ce0dc0563b93ae2)

running 14 tests
test tests::test_empty_llms_txt ... ok
test tests::test_file_not_found_scenario ... ok
test tests::test_index_json_invalid_chunk_reference ... ok
test tests::test_exit_code_for_1_to_10_errors ... ok
test tests::test_exit_code_for_11_to_100_errors ... ok
test tests::test_index_json_with_chunks ... ok
test tests::test_valid_index_json ... ok
test tests::test_validation_result_has_errors_method ... ok
test tests::test_parse_error_detection ... ok
test tests::test_validation_result_has_warnings_method ... ok
test tests::test_link_validation_no_links ... ok
test tests::test_link_validation_valid_urls ... ok
test tests::test_link_validation_malformed_urls ... ok
test tests::test_valid_llms_txt ... ok

test result: ok. 14 passed; 0 failed; 0 ignored; 0 measured; 0 filtered out; finished in 0.00s

     Running tests/cli_adversarial.rs (target/debug/deps/cli_adversarial-78aad9b469aaf461)

running 24 tests
test test_cli_document_without_index ... ok
test test_cli_nonexistent_index_directory ... ok
test test_cli_negative_threshold ... ok
test test_cli_project_name_with_special_characters ... ok
test test_cli_threshold_greater_than_ten ... ok
test test_cli_output_to_nonexistent_directory ... ok
test test_cli_multiple_search_queries ... ok
test test_cli_invalid_output_format ... ok
test test_cli_invalid_boolean_flag ... ok
test test_cli_empty_string_for_project ... ok
test test_cli_missing_required_args ... ok
test test_cli_whitespace_only_query ... ok
test test_cli_negative_limit ... ok
test test_cli_wrong_data_type_for_limit ... ok
test test_cli_empty_search_query ... ok
test test_cli_invalid_flags ... ok
test test_cli_document_invalid_file ... ok
test test_cli_negative_delay ... ok
test test_cli_extremely_large_limit ... ok
test test_cli_search_without_index ... ok
test test_cli_index_directory_is_file ... ok
test test_cli_pattern_rejection ... ok
test test_cli_delay_greater_than_sixty_seconds ... ok
test test_cli_zero_limit ... ok

test result: ok. 24 passed; 0 failed; 0 ignored; 0 measured; 0 filtered out; finished in 0.02s

     Running tests/cli_integration_tests.rs (target/debug/deps/cli_integration_tests-4a7f21d7cd91777c)

running 67 tests
test test_cli_version ... ok
test test_index_invalid_hnsw_m_too_large ... ok
test test_exit_code_for_invalid_url ... ok
test test_index_empty_directory ... ok
test test_index_output_dir_not_writable ... ok
test test_index_invalid_hnsw_ef_construction_too_small ... ok
test test_index_directory_with_no_markdown_files ... ok
test test_index_missing_source ... ok
test test_index_non_directory_file ... ok
test test_exit_code_for_missing_source ... ok
test test_index_invalid_max_related_chunks_zero ... ok
test test_cli_help ... ok
test test_cli_no_args_shows_help ... ok
test test_index_invalid_max_related_chunks_too_large ... ok
test test_index_invalid_hnsw_m_too_small ... ok
test test_scrape_invalid_delay_negative ... ok
test test_scrape_invalid_concurrency ... ok
test test_ingest_git_invalid_url ... ok
test test_ingest_git_help ... ok
test test_scrape_invalid_filter_regex ... ok
test test_scrape_invalid_max_retries ... ok
test test_scrape_invalid_timeout_too_large ... ok
test test_scrape_invalid_delay_too_large ... ok
test test_scrape_invalid_threshold_too_large ... ok
test test_scrape_invalid_redirect_policy ... ok
test test_scrape_invalid_timeout_zero ... ok
test test_ingest_git_missing_output ... ok
test test_ingest_invalid_delay ... ok
test test_ingest_help ... ok
test test_scrape_missing_output ... ok
test test_ingest_with_custom_project_name ... ok
test test_ingest_invalid_url ... ok
test test_scrape_invalid_threshold_negative ... ok
test test_scrape_help ... ok
test test_ingest_missing_output ... ok
test test_ingest_invalid_threshold ... ok
test test_scrape_invalid_max_page_bytes ... ok
test test_scrape_with_options ... ok
test test_search_missing_index_dir_argument ... ok
test test_search_very_large_limit_exit_code_one ... ok
test test_search_missing_index ... ok
test test_scrape_invalid_url ... ok
test test_scrape_valid_redirect_policies ... ok
test test_index_basic_success ... ok
test test_index_with_custom_project_name ... ok
test test_legacy_mode_two_args ... ok
test test_index_with_custom_project_desc ... ok
test test_index_with_hnsw_m ... ok
test test_index_with_special_chars_in_path ... ok
test test_index_with_max_chunk_keywords ... ok
test test_search_with_limit_5 ... ok
test test_search_invalid_limit_zero ... ok
test test_search_json_no_results_exit_code ... ok
test test_search_invalid_limit_too_large ... ok
test test_search_no_results ... ok
test test_search_with_empty_query ... ok
test test_search_basic ... ok
test test_index_with_hnsw_ef_construction ... ok
test test_index_with_max_related_chunks ... ok
test test_search_json_output ... ok
test test_search_limit_parameter ... ok
test test_search_with_no_color ... ok
test test_ingest_git_with_depth ... ok
test test_ingest_git_with_branch ... ok
test test_ingest_git_with_project_name ... ok
test test_scrape_filter_matches_nothing_returns_nonzero_exit ... ok
test test_scrape_with_filter_regex ... ok

test result: ok. 67 passed; 0 failed; 0 ignored; 0 measured; 0 filtered out; finished in 0.58s

     Running tests/document_validation_adversarial.rs (target/debug/deps/document_validation_adversarial-1cb7d35f27068581)

running 10 tests
test test_document_validation_invalid_utf8 ... ok
test test_document_validation_empty_headings ... ok
test test_document_validation_negative_word_count ... ok
test test_document_validation_extremely_long_headings ... ok
test test_document_validation_zero_word_count ... ok
test test_document_validation_extremely_long_link_urls ... ok
test test_document_validation_empty_links ... ok
test test_document_validation_whitespace_only ... ok
test test_document_validation_missing_required_fields ... ok
test test_document_validation_extremely_long_content ... ok

test result: ok. 10 passed; 0 failed; 0 ignored; 0 measured; 0 filtered out; finished in 0.01s

     Running tests/index_adversarial.rs (target/debug/deps/index_adversarial-cc11aabceb9c0c1c)

running 10 tests
test test_index_malformed_json ... ok
test test_index_missing_required_fields ... ok
test test_index_invalid_path ... ok
test test_index_corrupt_index_file ... ok
test test_index_empty_documents_array ... ok
test test_index_very_long_project_name ... ok
test test_index_missing_chunks_result ... ok
test test_index_empty_analyses ... ok
test test_index_large_document_count ... ok
test test_index_invalid_hnsw_parameters ... ok

test result: ok. 10 passed; 0 failed; 0 ignored; 0 measured; 0 filtered out; finished in 0.01s

     Running tests/integration_adversarial.rs (target/debug/deps/integration_adversarial-fe11ce980ed8b6c2)

running 24 tests
test test_document_with_special_characters_in_content ... ok
test test_document_with_invalid_date ... ok
test test_document_with_invalid_knowledge_dag ... ok
test test_document_with_invalid_priority ... ok
test test_search_with_index_no_documents ... ok
test test_document_with_invalid_tags ... ok
test test_document_with_windows_line_endings ... ok
test test_document_with_invalid_project_name ... ok
test test_document_with_unicode_bom ... ok
test test_search_with_empty_tags ... ok
test test_document_with_empty_frontmatter ... ok
test test_document_with_invalid_status ... ok
test test_document_with_only_frontmatter ... ok
test test_search_with_corrupt_index_file ... ok
test test_document_with_invalid_encoding ... ok
test test_document_with_invalid_title ... ok
test test_document_with_tabs_in_frontmatter ... ok
test test_search_with_invalid_tags_format ... ok
test test_search_with_empty_index_directory ... ok
test test_document_with_invalid_yaml_frontmatter ... ok
test test_search_with_malformed_index_json ... ok
test test_search_with_nonexistent_project ... ok
test test_document_with_extremely_long_content ... ok
test test_document_with_duplicate_document_ids ... ok

test result: ok. 24 passed; 0 failed; 0 ignored; 0 measured; 0 filtered out; finished in 0.01s

     Running tests/lib.rs (target/debug/deps/lib-8dda5961dbe5effd)

running 207 tests
test common::tests::test_fixture_dir_creation ... ok
test common::tests::test_create_single_doc ... ok
test common::tests::test_create_sample_docs ... ok
test common::tests::test_generate_markdown_with_features ... ok
test common::tests::test_generate_large_markdown ... ok
test common::tests::test_pipeline_test_case_builder ... ok
test common::tests::test_standard_pipeline_cases_exist ... ok
test common::tests::test_test_context_create_doc ... ok
test common::tests::test_test_context_creation ... ok
test common::tests::test_test_context_create_docs ... ok
test common::tests::test_test_context_read_file ... ok
test document_indexing::path_handling_tests::test_analyze_empty_stem_fallback ... ok
test document_indexing::path_handling_tests::test_analyze_root_path_error ... ok
test document_indexing::file_discovery_tests::test_invalid_utf8_all_files_cause_error ... ok
test document_indexing::file_discovery_tests::test_all_files_unreadable_causes_error ... ok
test document_indexing::path_handling_tests::test_analyze_file_with_frontmatter ... ok
test document_indexing::file_discovery_tests::test_partial_file_analysis_failure_is_ok ... ok
test document_indexing::path_handling_tests::test_analyze_trailing_slash ... ok
test document_indexing::path_handling_tests::test_assign_ids_with_root_path_fallback ... ok
test document_indexing::path_handling_tests::test_analyze_valid_filename ... ok
test document_indexing::path_handling_tests::test_config_empty_filename_pattern ... ok
test document_indexing::path_handling_tests::test_empty_category_never_occurs ... ok
test document_indexing::path_handling_tests::test_multiple_dots_in_filename ... ok
test document_indexing::path_handling_tests::test_filename_comparison_with_filter ... ok
test document_indexing::path_handling_tests::test_path_with_only_extension ... ok
test document_indexing::path_handling_tests::test_transform_empty_filename_comparison ... ok
test document_indexing::path_handling_tests::test_utf8_handling_in_path ... ok
test document_indexing::single_file_indexing_tests::test_index_nonexistent_single_file_fails ... ok
test document_indexing::path_handling_tests::test_concurrent_path_operations ... ok
test full_pipeline::full_pipeline_integration::test_coverage_report ... ok
test document_indexing::single_file_indexing_tests::test_index_single_unsupported_json_fails_gracefully ... ok
test document_indexing::index_schema_tests::test_index_json_has_required_fields ... ok
test document_indexing::empty_directory_tests::test_index_json_has_zero_chunk_count ... ok
test document_indexing::empty_directory_tests::test_llms_txt_created_for_empty_directory ... ok
test document_indexing::empty_directory_tests::test_empty_directory_with_only_ignored_files ... ok
test document_indexing::empty_directory_tests::test_empty_keywords_map ... ok
test document_indexing::index_schema_tests::test_index_json_no_generated_field ... ok
test full_pipeline::full_pipeline_integration::test_full_pipeline_with_real_test_docs ... ok
test full_pipeline::integration_tests::test_bom_handling ... ok
test full_pipeline::integration_tests::test_discover_empty_directory ... ok
test full_pipeline::full_pipeline_integration::test_full_pipeline_empty_directory ... ok
test full_pipeline::integration_tests::test_discover_excludes_ignored_directories ... ok
test full_pipeline::integration_tests::test_deeply_nested_structure ... ok
test full_pipeline::integration_tests::test_discover_multiple_extensions ... ok
test full_pipeline::integration_tests::test_hidden_files_ignored ... ok
test full_pipeline::integration_tests::test_duplicate_filenames_different_directories ... ok
test full_pipeline::integration_tests::test_malformed_markdown_broken_links ... ok
test document_indexing::empty_directory_tests::test_chunks_directory_created_docs_not_created ... ok
test document_indexing::empty_directory_tests::test_compass_md_created_for_empty_directory ... ok
test document_indexing::empty_directory_tests::test_index_json_has_zero_document_count ... ok
test full_pipeline::integration_tests::test_large_file_handling ... ok
test document_indexing::empty_directory_tests::test_empty_directory_completes_successfully ... ok
test document_indexing::empty_directory_tests::test_index_json_structure_valid_when_empty ... ok
test document_indexing::empty_directory_tests::test_all_output_files_readable_for_empty_directory ... ok
test full_pipeline::integration_tests::test_malformed_markdown_missing_h1 ... ok
test full_pipeline::integration_tests::test_mixed_markdown_features ... ok
test document_indexing::empty_directory_tests::test_output_directory_structure_created ... ok
test full_pipeline::integration_tests::test_special_characters_in_filenames ... ok
test full_pipeline::integration_tests::test_unicode_content_handling ... ok
test full_pipeline::integration_tests::test_whitespace_only_files ... ok
test full_pipeline::pipeline_integration_tests::test_complex_markdown_features ... ok
test full_pipeline::pipeline_integration_tests::test_deeply_nested_structure ... ok
test full_pipeline::pipeline_integration_tests::test_pipeline_table_driven_empty_directory ... ok
test full_pipeline::pipeline_integration_tests::test_discover_excludes_ignored_directories ... ok
test full_pipeline::pipeline_integration_tests::test_duplicate_filenames_different_dirs ... ok
test full_pipeline::pipeline_integration_tests::test_mixed_markdown_extensions ... ok
test full_pipeline::pipeline_integration_tests::test_pipeline_table_driven_multiple_files ... ok
test full_pipeline::pipeline_integration_tests::test_malformed_markdown_broken_links ... ok
test full_pipeline::pipeline_integration_tests::test_malformed_markdown_no_h1 ... ok
test full_pipeline::pipeline_integration_tests::test_empty_and_whitespace_files ... ok
test full_pipeline::pipeline_integration_tests::test_pipeline_table_driven_single_file ... ok
test full_pipeline::pipeline_integration_tests::test_special_characters_in_filenames ... ok
test full_pipeline::pipeline_integration_tests::test_yaml_frontmatter ... ok
test full_pipeline::scenario_tests::scenario_coverage_report ... ok
test full_pipeline::pipeline_integration_tests::test_unicode_content_discovery ... ok
test full_pipeline::scenario_tests::scenario_error_messages_are_helpful ... ok
test full_pipeline::standalone_integration_tests::test_bom_handling ... ok
test full_pipeline::standalone_integration_tests::test_coverage_documentation ... ok
test full_pipeline::standalone_integration_tests::test_complex_markdown_structures ... ok
test full_pipeline::standalone_integration_tests::test_case_sensitivity_filenames ... ok
test full_pipeline::standalone_integration_tests::test_concurrent_file_access ... ok
test full_pipeline::integration_tests::test_pipeline_table_driven ... ok
test full_pipeline::standalone_integration_tests::test_empty_and_whitespace_files ... ok
test full_pipeline::standalone_integration_tests::test_empty_directory ... ok
test full_pipeline::standalone_integration_tests::test_duplicate_filenames_different_dirs ... ok
test full_pipeline::standalone_integration_tests::test_malformed_markdown_no_h1 ... ok
test full_pipeline::standalone_integration_tests::test_malformed_markdown_broken_links ... ok
test full_pipeline::standalone_integration_tests::test_deeply_nested_structure ... ok
test full_pipeline::standalone_integration_tests::test_mixed_markdown_extensions ... ok
test full_pipeline::standalone_integration_tests::test_multiple_files_different_dirs ... ok
test full_pipeline::standalone_integration_tests::test_single_minimal_file ... ok
test full_pipeline::standalone_integration_tests::test_yaml_frontmatter ... ok
test full_pipeline::standalone_integration_tests::test_special_characters_in_filenames ... ok
test full_pipeline::standalone_integration_tests::test_unicode_content ... ok
test markdown_transform::path_edge_cases_tests::test_both_source_and_output_with_spaces ... ok
test markdown_transform::path_edge_cases_tests::test_deeply_nested_paths ... ok
test markdown_transform::path_edge_cases_tests::test_discover_files_from_path_with_spaces ... ok
test markdown_transform::path_edge_cases_tests::test_filename_extraction_with_spaces ... ok
test markdown_transform::path_edge_cases_tests::test_discover_files_from_unicode_path ... ok
test markdown_transform::path_edge_cases_tests::test_readonly_output_directory_clear_error ... ok
test markdown_transform::path_edge_cases_tests::test_mixed_special_characters_in_path ... ok
test markdown_transform::path_edge_cases_tests::test_path_with_unicode_characters ... ok
test markdown_transform::path_edge_cases_tests::test_readonly_parent_directory_detection ... ok
test markdown_transform::path_edge_cases_tests::test_discover_with_all_edge_cases ... ok
test full_pipeline::scenario_tests::scenario_empty_directory_handling ... ok
test full_pipeline::scenario_tests::scenario_scraping_with_content_filtering ... ok
test markdown_transform::scrape_integration_test::test_filter_functions_exist ... ok
test markdown_transform::scrape_integration_test::test_scrape_config_validation ... ok
test markdown_transform::regex_filter_tests::test_invalid_regex_unmatched_bracket ... ok
test markdown_transform::regex_filter_tests::test_invalid_regex_unmatched_parenthesis ... ok
test markdown_transform::stealth_backoff_adversarial::test_scrape_config_can_be_constructed ... ok
test markdown_transform::stealth_backoff_adversarial::test_scrape_config_crawl_only ... ok
test markdown_transform::stealth_backoff_adversarial::test_scrape_config_filtering_mode_variants ... ok
test markdown_transform::stealth_backoff_adversarial::test_scrape_config_retry_strategy_variants ... ok
test markdown_transform::stealth_backoff_adversarial::test_scrape_config_robots_policy_variants ... ok
test markdown_transform::stealth_backoff_adversarial::test_scrape_config_stealth_mode_variants ... ok
test markdown_transform::stealth_backoff_adversarial::test_scrape_config_uses_sitemap ... ok
test markdown_transform::stealth_backoff_adversarial::test_scrape_config_with_none_values ... ok
test markdown_transform::regex_filter_tests::test_invalid_regex_invalid_escape ... ok
test document_indexing::test_tantivy_index_populated::test_tantivy_index_is_populated ... ok
test markdown_transform::scrape_integration_test::test_scrape_pipeline_simulation ... ok
test document_indexing::test_tantivy_index_populated::test_search_returns_results ... ok
test full_pipeline::pipeline_integration_tests::test_large_file_handling ... ok
test full_pipeline::standalone_integration_tests::test_large_file_stress ... ok
test full_pipeline::pipeline_integration_tests::test_coverage_summary ... ok
test proptests::score_document_simple_proptest::prop_non_matching_query_zero ... ok
test proptests::score_document_simple_proptest::prop_term_frequency_monotonicity ... ok
test proptests::score_document_simple_proptest::prop_whitespace_documents ... ok
test proptests::score_document_simple_proptest::unit_tests::test_basic_functionality ... ok
test proptests::score_document_simple_proptest::unit_tests::test_special_characters ... ok
test proptests::score_document_simple_proptest::unit_tests::test_unrelated_terms ... ok
test semantic_search::limit_validation_tests::test_cli_validate_limit_exceeds_max_rejected ... ok
test semantic_search::limit_validation_tests::test_cli_validate_limit_negative_rejected ... ok
test semantic_search::limit_validation_tests::test_internal_validate_limit_default_accepted ... ok
test semantic_search::limit_validation_tests::test_internal_validate_limit_one_accepted ... ok
test semantic_search::limit_validation_tests::test_internal_validate_limit_zero_rejected ... ok
test proptests::score_document_simple_proptest::prop_query_order_independence ... ok
test proptests::score_document_simple_proptest::prop_case_insensitivity ... ok
test semantic_search::limit_validation_tests::test_search_with_limit_one_works ... ok
test proptests::score_document_simple_proptest::prop_monotonicity_more_terms ... ok
test semantic_search::negative_zero_score_tests::test_all_results_have_positive_scores ... ok
test semantic_search::sanitize_query_tests::test_sanitize_query_basic_special_chars ... ok
test semantic_search::sanitize_query_tests::test_sanitize_query_boolean_operators ... ok
test semantic_search::sanitize_query_tests::test_sanitize_query_html_tags ... ok
test semantic_search::sanitize_query_tests::test_sanitize_query_normal_text ... ok
test semantic_search::sanitize_query_tests::test_sanitize_query_xss_examples ... ok
test semantic_search::negative_zero_score_tests::test_query_with_partial_match_filters_non_matching ... ok
test semantic_search::negative_zero_score_tests::test_non_matching_query_returns_empty_results ... ok
test semantic_search::search_edge_cases_tests::test_search_empty_index ... ok
test semantic_search::negative_zero_score_tests::test_non_matching_special_chars_returns_empty_results ... ok
test semantic_search::search_edge_cases_tests::test_search_boolean_or_operator ... ok
test semantic_search::search_edge_cases_tests::test_search_empty_query_returns_error ... ok
test semantic_search::search_edge_cases_tests::test_search_matches_terms_in_path ... ok
test semantic_search::search_edge_cases_tests::test_search_large_limit ... ok
test semantic_search::search_edge_cases_tests::test_search_no_results ... ok
test semantic_search::search_edge_cases_tests::test_search_finds_documents_by_title ... ok
test semantic_search::search_edge_cases_tests::test_search_results_sorted_by_recalculated_score ... FAILED
test semantic_search::search_edge_cases_tests::test_search_results_sorted_by_score ... ok
test semantic_search::search_edge_cases_tests::test_search_unicode_basic ... ok
test semantic_search::search_error_tests::test_empty_query_returns_proper_error ... ok
test semantic_search::search_error_tests::test_cli_empty_query_shows_error_message ... ok
test semantic_search::search_error_tests::test_cli_error_message_explicit_about_special_chars ... ok
test semantic_search::search_error_tests::test_cli_special_character_error_message ... ok
test semantic_search::search_error_tests::test_error_message_provides_guidance ... ok
test semantic_search::search_error_tests::test_error_message_mentions_special_characters ... ok
test semantic_search::search_error_tests::test_normal_query_succeeds ... ok
test semantic_search::search_error_tests::test_special_character_tag_succeeds_after_sanitization ... ok
test semantic_search::search_error_tests::test_validate_query_empty_string ... ok
test semantic_search::search_error_tests::test_validate_query_tabs_and_newlines ... ok
test semantic_search::search_error_tests::test_validate_query_whitespace_only ... ok
test semantic_search::search_error_tests::test_unbalanced_parentheses_produces_helpful_error ... ok
test semantic_search::search_error_tests::test_trailing_operator_produces_helpful_error ... ok
test semantic_search::search_error_tests::test_unclosed_quote_produces_helpful_error ... ok
test semantic_search::search_error_tests::test_whitespace_only_query_returns_proper_error ... ok
test semantic_search::search_path_format_tests::test_search_result_path_uses_hyphens_not_slashes ... ok
test semantic_search::search_path_format_tests::test_search_result_path_matches_index_json_format ... ok
test document_indexing::single_file_indexing_tests::test_index_single_rst_file_works ... ok
test semantic_search::search_path_format_tests::test_search_result_path_includes_md_extension ... ok
test full_pipeline::full_pipeline_integration::test_pipeline_creates_expected_output_files ... ok
test semantic_search::search_path_format_tests::test_search_result_prefers_indexed_path_over_id_format ... ok
test full_pipeline::full_pipeline_integration::test_full_pipeline_single_file ... ok
test document_indexing::single_file_indexing_tests::test_index_single_file_from_subdirectory_works ... ok
test document_indexing::single_file_indexing_tests::test_index_single_txt_file_works ... ok
test full_pipeline::full_pipeline_integration::test_full_pipeline_unicode_content ... ok
test proptests::score_document_simple_proptest::prop_empty_query_returns_zero ... ok
test full_pipeline::full_pipeline_integration::test_full_pipeline_multiple_files ... ok
test document_indexing::single_file_indexing_tests::test_index_single_mdx_file_works ... ok
test semantic_search::search_path_format_tests::test_search_result_single_segment_id ... ok
test document_indexing::empty_directory_tests::test_reindexing_empty_directory_is_idempotent ... ok
test document_indexing::single_file_indexing_tests::test_index_json_contains_exactly_one_document ... ok
test common::tests::test_assert_chunks_valid ... ok
test document_indexing::single_file_indexing_tests::test_chunks_generated_for_single_file ... ok
test document_indexing::single_file_indexing_tests::test_index_single_md_file_works ... ok
test full_pipeline::full_pipeline_integration::test_full_pipeline_malformed_markdown ... ok
test common::tests::test_assert_document_exists ... ok
test proptests::score_document_simple_proptest::prop_determinism ... ok
test common::tests::test_full_pipeline_creates_index ... ok
test full_pipeline::scenario_tests::scenario_user_searches_for_content ... ok
test markdown_transform::scrape_integration_test::test_scrape_to_index_pipeline ... ok
test full_pipeline::scenario_tests::scenario_user_indexes_project_docs ... ok
test proptests::score_document_simple_proptest::prop_score_is_finite_and_non_negative ... ok
test proptests::score_document_simple_proptest::prop_zero_word_count_handling ... ok
test markdown_transform::regex_filter_tests::test_valid_regex_path_filter ... ok
test markdown_transform::regex_filter_tests::test_valid_regex_character_class ... ok
test markdown_transform::regex_filter_tests::test_valid_regex_wildcard_dot_star ... ok
test full_pipeline::full_pipeline_integration::test_all_cases_table_driven ... ok
test full_pipeline::full_pipeline_integration::test_full_pipeline_large_document has been running for over 60 seconds
